MPLINK 4.37, Linker
Linker Map File - Created Mon Dec 09 23:27:52 2019

                                 Section Info
                  Section       Type    Address   Location Size(Bytes)
                ---------  ---------  ---------  ---------  ---------
                   .org_0       code   0x000000    program   0x000004
                   .cinit    romdata   0x000002    program   0x000004
                   .org_1       code   0x000004    program   0x00068c
                  .idlocs       code   0x002000    program   0x000008
      .config_2007_MAIN.O       code   0x002007    program   0x000002



                              Program Memory Usage 
                               Start         End      
                           ---------   ---------      
                            0x000000    0x000349      
                            0x002000    0x002003      
                            0x002007    0x002007      
            847 out of 8453 program addresses used, program memory utilization is 10%



                              Symbols - Sorted by Name
                     Name    Address   Location    Storage File                     
                ---------  ---------  ---------  --------- ---------                
               GetStrAddr   0x00018f    program     static D:\Source\OBD2\Main.asm  
                ISO_14230   0x000240    program     static D:\Source\OBD2\Main.asm  
                 ISO_Read   0x00016e    program     static D:\Source\OBD2\Iso_lib.inc
                ISO_Write   0x00013e    program     static D:\Source\OBD2\Iso_lib.inc
                  InitErr   0x0002d1    program     static D:\Source\OBD2\Main.asm  
                   InitIO   0x000233    program     static D:\Source\OBD2\Main.asm  
                  LCD_Hex   0x000017    program     static D:\Source\OBD2\Lcd.inc   
               LCD_String   0x000006    program     static D:\Source\OBD2\Lcd.inc   
                   LCDclk   0x0000fb    program     static D:\Source\OBD2\Lcd.inc   
                  LCDcomd   0x000103    program     static D:\Source\OBD2\Lcd.inc   
                  LCDdata   0x000105    program     static D:\Source\OBD2\Lcd.inc   
                  LCDinit   0x000111    program     static D:\Source\OBD2\Lcd.inc   
                 LCDval08   0x000044    program     static D:\Source\OBD2\Lcd.inc   
                 LCDval16   0x000055    program     static D:\Source\OBD2\Lcd.inc   
                 LCDval32   0x000077    program     static D:\Source\OBD2\Lcd.inc   
                  LCDxmit   0x0000f4    program     static D:\Source\OBD2\Lcd.inc   
                 SetupISO   0x00021a    program     static D:\Source\OBD2\Main.asm  
                     Str0   0x00019b    program     static D:\Source\OBD2\Main.asm  
                     Str1   0x0001a5    program     static D:\Source\OBD2\Main.asm  
                     Str2   0x0001ae    program     static D:\Source\OBD2\Main.asm  
                     Str3   0x0001c3    program     static D:\Source\OBD2\Main.asm  
                     Str4   0x0001ca    program     static D:\Source\OBD2\Main.asm  
                     Str5   0x0001d6    program     static D:\Source\OBD2\Main.asm  
                     Str6   0x0001e1    program     static D:\Source\OBD2\Main.asm  
                     Str7   0x0001ef    program     static D:\Source\OBD2\Main.asm  
                     Str8   0x0001fb    program     static D:\Source\OBD2\Main.asm  
                     Str9   0x000207    program     static D:\Source\OBD2\Main.asm  
                  Strings   0x00019a    program     static D:\Source\OBD2\Main.asm  
                  _31EXIT   0x0002d0    program     static D:\Source\OBD2\Main.asm  
               _31Message   0x00025b    program     static D:\Source\OBD2\Main.asm  
                 _31START   0x00026a    program     static D:\Source\OBD2\Main.asm  
                  _33EXIT   0x000349    program     static D:\Source\OBD2\Main.asm  
               _33Message   0x0002d2    program     static D:\Source\OBD2\Main.asm  
                 _33START   0x0002e3    program     static D:\Source\OBD2\Main.asm  
                   _Hex08   0x000035    program     static D:\Source\OBD2\Lcd.inc   
                  _LCD_wr   0x000106    program     static D:\Source\OBD2\Lcd.inc   
                   _V08_1   0x0000a1    program     static D:\Source\OBD2\Lcd.inc   
                   _V08_H   0x000037    program     static D:\Source\OBD2\Lcd.inc   
                 _V08_LCD   0x0000a9    program     static D:\Source\OBD2\Lcd.inc   
                   _V16_1   0x0000af    program     static D:\Source\OBD2\Lcd.inc   
                   _V16_2   0x0000b9    program     static D:\Source\OBD2\Lcd.inc   
                 _V16_LCD   0x0000c2    program     static D:\Source\OBD2\Lcd.inc   
                   _V32_1   0x0000c8    program     static D:\Source\OBD2\Lcd.inc   
                   _V32_2   0x0000de    program     static D:\Source\OBD2\Lcd.inc   
                 _V32_LCD   0x0000ef    program     static D:\Source\OBD2\Lcd.inc   
                _VALcnv08   0x00009f    program     static D:\Source\OBD2\Lcd.inc   
                _VALcnv16   0x0000ae    program     static D:\Source\OBD2\Lcd.inc   
                 _VH8_LCD   0x00003f    program     static D:\Source\OBD2\Lcd.inc   
                _Valcnv32   0x0000c7    program     static D:\Source\OBD2\Lcd.inc   
                  del_20m   0x000134    program     static D:\Source\OBD2\Lcd.inc   
                   del_2u   0x000136    program     static D:\Source\OBD2\Lcd.inc   
                 delay_ms   0x000133    program     static D:\Source\OBD2\Lcd.inc   
                    done1   0x000016    program     static D:\Source\OBD2\Lcd.inc   
                    getCH   0x000024    program     static D:\Source\OBD2\Lcd.inc   
                     iret   0x000006    program     static D:\Source\OBD2\Main.asm  
                      isr   0x000005    program     static D:\Source\OBD2\Main.asm  
                jInitClr1   0x000222    program     static D:\Source\OBD2\Main.asm  
                jInitClr2   0x000228    program     static D:\Source\OBD2\Main.asm  
                     main   0x00018a    program     static D:\Source\OBD2\Main.asm  
                    next1   0x00000e    program     static D:\Source\OBD2\Lcd.inc   
                      rep   0x000248    program     static D:\Source\OBD2\Main.asm  
                     sbit   0x000170    program     static D:\Source\OBD2\Iso_lib.inc
                    time1   0x000175    program     static D:\Source\OBD2\Iso_lib.inc
                    time2   0x00017c    program     static D:\Source\OBD2\Iso_lib.inc
                    time3   0x000187    program     static D:\Source\OBD2\Iso_lib.inc
                     wait   0x00018d    program     static D:\Source\OBD2\Main.asm  



                              Symbols - Sorted by Address
                     Name    Address   Location    Storage File                     
                ---------  ---------  ---------  --------- ---------                
                      isr   0x000005    program     static D:\Source\OBD2\Main.asm  
               LCD_String   0x000006    program     static D:\Source\OBD2\Lcd.inc   
                     iret   0x000006    program     static D:\Source\OBD2\Main.asm  
                    next1   0x00000e    program     static D:\Source\OBD2\Lcd.inc   
                    done1   0x000016    program     static D:\Source\OBD2\Lcd.inc   
                  LCD_Hex   0x000017    program     static D:\Source\OBD2\Lcd.inc   
                    getCH   0x000024    program     static D:\Source\OBD2\Lcd.inc   
                   _Hex08   0x000035    program     static D:\Source\OBD2\Lcd.inc   
                   _V08_H   0x000037    program     static D:\Source\OBD2\Lcd.inc   
                 _VH8_LCD   0x00003f    program     static D:\Source\OBD2\Lcd.inc   
                 LCDval08   0x000044    program     static D:\Source\OBD2\Lcd.inc   
                 LCDval16   0x000055    program     static D:\Source\OBD2\Lcd.inc   
                 LCDval32   0x000077    program     static D:\Source\OBD2\Lcd.inc   
                _VALcnv08   0x00009f    program     static D:\Source\OBD2\Lcd.inc   
                   _V08_1   0x0000a1    program     static D:\Source\OBD2\Lcd.inc   
                 _V08_LCD   0x0000a9    program     static D:\Source\OBD2\Lcd.inc   
                _VALcnv16   0x0000ae    program     static D:\Source\OBD2\Lcd.inc   
                   _V16_1   0x0000af    program     static D:\Source\OBD2\Lcd.inc   
                   _V16_2   0x0000b9    program     static D:\Source\OBD2\Lcd.inc   
                 _V16_LCD   0x0000c2    program     static D:\Source\OBD2\Lcd.inc   
                _Valcnv32   0x0000c7    program     static D:\Source\OBD2\Lcd.inc   
                   _V32_1   0x0000c8    program     static D:\Source\OBD2\Lcd.inc   
                   _V32_2   0x0000de    program     static D:\Source\OBD2\Lcd.inc   
                 _V32_LCD   0x0000ef    program     static D:\Source\OBD2\Lcd.inc   
                  LCDxmit   0x0000f4    program     static D:\Source\OBD2\Lcd.inc   
                   LCDclk   0x0000fb    program     static D:\Source\OBD2\Lcd.inc   
                  LCDcomd   0x000103    program     static D:\Source\OBD2\Lcd.inc   
                  LCDdata   0x000105    program     static D:\Source\OBD2\Lcd.inc   
                  _LCD_wr   0x000106    program     static D:\Source\OBD2\Lcd.inc   
                  LCDinit   0x000111    program     static D:\Source\OBD2\Lcd.inc   
                 delay_ms   0x000133    program     static D:\Source\OBD2\Lcd.inc   
                  del_20m   0x000134    program     static D:\Source\OBD2\Lcd.inc   
                   del_2u   0x000136    program     static D:\Source\OBD2\Lcd.inc   
                ISO_Write   0x00013e    program     static D:\Source\OBD2\Iso_lib.inc
                 ISO_Read   0x00016e    program     static D:\Source\OBD2\Iso_lib.inc
                     sbit   0x000170    program     static D:\Source\OBD2\Iso_lib.inc
                    time1   0x000175    program     static D:\Source\OBD2\Iso_lib.inc
                    time2   0x00017c    program     static D:\Source\OBD2\Iso_lib.inc
                    time3   0x000187    program     static D:\Source\OBD2\Iso_lib.inc
                     main   0x00018a    program     static D:\Source\OBD2\Main.asm  
                     wait   0x00018d    program     static D:\Source\OBD2\Main.asm  
               GetStrAddr   0x00018f    program     static D:\Source\OBD2\Main.asm  
                  Strings   0x00019a    program     static D:\Source\OBD2\Main.asm  
                     Str0   0x00019b    program     static D:\Source\OBD2\Main.asm  
                     Str1   0x0001a5    program     static D:\Source\OBD2\Main.asm  
                     Str2   0x0001ae    program     static D:\Source\OBD2\Main.asm  
                     Str3   0x0001c3    program     static D:\Source\OBD2\Main.asm  
                     Str4   0x0001ca    program     static D:\Source\OBD2\Main.asm  
                     Str5   0x0001d6    program     static D:\Source\OBD2\Main.asm  
                     Str6   0x0001e1    program     static D:\Source\OBD2\Main.asm  
                     Str7   0x0001ef    program     static D:\Source\OBD2\Main.asm  
                     Str8   0x0001fb    program     static D:\Source\OBD2\Main.asm  
                     Str9   0x000207    program     static D:\Source\OBD2\Main.asm  
                 SetupISO   0x00021a    program     static D:\Source\OBD2\Main.asm  
                jInitClr1   0x000222    program     static D:\Source\OBD2\Main.asm  
                jInitClr2   0x000228    program     static D:\Source\OBD2\Main.asm  
                   InitIO   0x000233    program     static D:\Source\OBD2\Main.asm  
                ISO_14230   0x000240    program     static D:\Source\OBD2\Main.asm  
                      rep   0x000248    program     static D:\Source\OBD2\Main.asm  
               _31Message   0x00025b    program     static D:\Source\OBD2\Main.asm  
                 _31START   0x00026a    program     static D:\Source\OBD2\Main.asm  
                  _31EXIT   0x0002d0    program     static D:\Source\OBD2\Main.asm  
                  InitErr   0x0002d1    program     static D:\Source\OBD2\Main.asm  
               _33Message   0x0002d2    program     static D:\Source\OBD2\Main.asm  
                 _33START   0x0002e3    program     static D:\Source\OBD2\Main.asm  
                  _33EXIT   0x000349    program     static D:\Source\OBD2\Main.asm  


